12121
3xxxx